I'm sorry, but errors were detected in your script. Please correct the
errors listed below, and try again.


File "game/define_visuals.rpy", line 101: end of line expected.
    transform l1_5: xalign 0.2
                    ^

Ren'Py Version: Ren'Py 8.1.3.23091805
Mon Mar 18 12:09:35 2024
